// Jest Snapshot v1, https://goo.gl/fbAQLP

exports[`App renders correctly 1`] = `
<div>
  <mock-styled.h1>
    I am the app
  </mock-styled.h1>
</div>
`;
